// Jest Snapshot v1, https://goo.gl/fbAQLP

exports[`'/data' should return the fixture payload we expect 1`] = `
Object {
  "foo": "bar",
}
`;

exports[`'/flags' should return the flags list as JSON 1`] = `
Object {
  "⌚️": Object {
    "title": "isOutdated",
    "tooltipDescription": "The current package version is not equal to the package latest version!",
  },
  "☁️": Object {
    "title": "isGit",
    "tooltipDescription": "The package (project) is a git repository",
  },
  "⚔️": Object {
    "title": "hasBannedFile",
    "tooltipDescription": "The project has at least one sensitive file.",
  },
  "⚠": Object {
    "title": "hasWarnings",
    "tooltipDescription": "The AST analysis has detected warnings (suspect import, unsafe regex ..)",
  },
  "⛔️": Object {
    "title": "isDeprecated",
    "tooltipDescription": "The package is deprecated.",
  },
  "🌍": Object {
    "title": "hasExternalCapacity",
    "tooltipDescription": "The package use at least one Node.js dependency capable to communicate outside or to establish a listening server.",
  },
  "🌲": Object {
    "title": "hasIndirectDependencies",
    "tooltipDescription": "The package have indirect dependencies.",
  },
  "🐲": Object {
    "title": "hasNativeCode",
    "tooltipDescription": "The package use native components (package, file, configuration).",
  },
  "👀": Object {
    "title": "hasMissingOrUnusedDependency",
    "tooltipDescription": "A dependency is missing in package.json or a dependency is installed but never used!",
  },
  "👥": Object {
    "title": "hasChangedAuthor",
    "tooltipDescription": "The author has already changed at least one time.",
  },
  "💀": Object {
    "title": "isDead",
    "tooltipDescription": "The dependency has not received update from at least one year!",
  },
  "💎": Object {
    "title": "hasCustomResolver",
    "tooltipDescription": "The package has dependencies that are not packages.",
  },
  "💕": Object {
    "title": "hasManyPublishers",
    "tooltipDescription": "The package has several publishers.",
  },
  "📚": Object {
    "title": "hasMultipleLicenses",
    "tooltipDescription": "The package has multiple licenses in multiple files",
  },
  "📜": Object {
    "title": "hasLicense",
    "tooltipDescription": "The package does not seem to have a license.",
  },
  "📦": Object {
    "title": "hasScript",
    "tooltipDescription": "has \`post\` and/or \`pre\` (un)install npm script",
  },
  "🔬": Object {
    "title": "hasMinifiedCode",
    "tooltipDescription": "The package seems to have files that are minified/uglified.",
  },
  "🚨": Object {
    "title": "vulnerabilities",
    "tooltipDescription": "The package have one or many vulnerabilities.",
  },
}
`;
